mode: set
github.com/sqwdvrt/siteParserForFreelans/backend/internal/adapter/http/fetcher.go:40.38,41.22 1 1
github.com/sqwdvrt/siteParserForFreelans/backend/internal/adapter/http/fetcher.go:41.22,43.3 1 1
github.com/sqwdvrt/siteParserForFreelans/backend/internal/adapter/http/fetcher.go:44.2,44.24 1 1
github.com/sqwdvrt/siteParserForFreelans/backend/internal/adapter/http/fetcher.go:44.24,46.3 1 0
github.com/sqwdvrt/siteParserForFreelans/backend/internal/adapter/http/fetcher.go:47.2,48.22 2 1
github.com/sqwdvrt/siteParserForFreelans/backend/internal/adapter/http/fetcher.go:48.22,50.3 1 1
github.com/sqwdvrt/siteParserForFreelans/backend/internal/adapter/http/fetcher.go:51.2,58.3 1 1
github.com/sqwdvrt/siteParserForFreelans/backend/internal/adapter/http/fetcher.go:61.77,62.46 1 1
github.com/sqwdvrt/siteParserForFreelans/backend/internal/adapter/http/fetcher.go:62.46,64.3 1 1
github.com/sqwdvrt/siteParserForFreelans/backend/internal/adapter/http/fetcher.go:66.2,68.41 3 1
github.com/sqwdvrt/siteParserForFreelans/backend/internal/adapter/http/fetcher.go:68.41,70.28 2 0
github.com/sqwdvrt/siteParserForFreelans/backend/internal/adapter/http/fetcher.go:70.28,74.4 3 0
github.com/sqwdvrt/siteParserForFreelans/backend/internal/adapter/http/fetcher.go:76.2,80.16 4 1
github.com/sqwdvrt/siteParserForFreelans/backend/internal/adapter/http/fetcher.go:80.16,82.3 1 0
github.com/sqwdvrt/siteParserForFreelans/backend/internal/adapter/http/fetcher.go:83.2,86.16 3 1
github.com/sqwdvrt/siteParserForFreelans/backend/internal/adapter/http/fetcher.go:86.16,88.3 1 0
github.com/sqwdvrt/siteParserForFreelans/backend/internal/adapter/http/fetcher.go:89.2,91.28 2 1
github.com/sqwdvrt/siteParserForFreelans/backend/internal/adapter/http/fetcher.go:91.28,93.3 1 1
github.com/sqwdvrt/siteParserForFreelans/backend/internal/adapter/http/fetcher.go:95.2,97.16 3 1
github.com/sqwdvrt/siteParserForFreelans/backend/internal/adapter/http/fetcher.go:97.16,99.3 1 0
github.com/sqwdvrt/siteParserForFreelans/backend/internal/adapter/http/fetcher.go:100.2,100.18 1 1
github.com/sqwdvrt/siteParserForFreelans/backend/internal/adapter/http/fetcher.go:103.52,105.16 2 1
github.com/sqwdvrt/siteParserForFreelans/backend/internal/adapter/http/fetcher.go:105.16,107.3 1 0
github.com/sqwdvrt/siteParserForFreelans/backend/internal/adapter/http/fetcher.go:108.2,108.47 1 1
github.com/sqwdvrt/siteParserForFreelans/backend/internal/adapter/http/fetcher.go:108.47,110.3 1 0
github.com/sqwdvrt/siteParserForFreelans/backend/internal/adapter/http/fetcher.go:111.2,112.24 2 1
github.com/sqwdvrt/siteParserForFreelans/backend/internal/adapter/http/fetcher.go:112.24,114.3 1 1
github.com/sqwdvrt/siteParserForFreelans/backend/internal/adapter/http/fetcher.go:115.2,116.74 1 1
github.com/sqwdvrt/siteParserForFreelans/backend/internal/adapter/http/fetcher.go:116.74,118.3 1 1
github.com/sqwdvrt/siteParserForFreelans/backend/internal/adapter/http/fetcher.go:119.2,119.12 1 1
github.com/sqwdvrt/siteParserForFreelans/backend/internal/adapter/http/fetcher.go:122.55,124.16 2 1
github.com/sqwdvrt/siteParserForFreelans/backend/internal/adapter/http/fetcher.go:124.16,126.3 1 0
github.com/sqwdvrt/siteParserForFreelans/backend/internal/adapter/http/fetcher.go:127.2,127.21 1 1
github.com/sqwdvrt/siteParserForFreelans/backend/cmd/api/main.go:16.13,20.17 3 0
github.com/sqwdvrt/siteParserForFreelans/backend/cmd/api/main.go:20.17,22.3 1 0
github.com/sqwdvrt/siteParserForFreelans/backend/cmd/api/main.go:24.2,25.16 2 0
github.com/sqwdvrt/siteParserForFreelans/backend/cmd/api/main.go:25.16,27.3 1 0
github.com/sqwdvrt/siteParserForFreelans/backend/cmd/api/main.go:28.2,37.16 7 0
github.com/sqwdvrt/siteParserForFreelans/backend/cmd/api/main.go:37.16,39.3 1 0
github.com/sqwdvrt/siteParserForFreelans/backend/cmd/api/main.go:40.2,41.41 2 0
github.com/sqwdvrt/siteParserForFreelans/backend/internal/adapter/kwork/extractor.go:19.32,21.2 1 1
github.com/sqwdvrt/siteParserForFreelans/backend/internal/adapter/kwork/extractor.go:25.64,26.20 1 1
github.com/sqwdvrt/siteParserForFreelans/backend/internal/adapter/kwork/extractor.go:26.20,28.3 1 1
github.com/sqwdvrt/siteParserForFreelans/backend/internal/adapter/kwork/extractor.go:29.2,30.16 2 1
github.com/sqwdvrt/siteParserForFreelans/backend/internal/adapter/kwork/extractor.go:30.16,32.3 1 0
github.com/sqwdvrt/siteParserForFreelans/backend/internal/adapter/kwork/extractor.go:33.2,35.77 3 1
github.com/sqwdvrt/siteParserForFreelans/backend/internal/adapter/kwork/extractor.go:35.77,37.24 2 1
github.com/sqwdvrt/siteParserForFreelans/backend/internal/adapter/kwork/extractor.go:37.24,39.4 1 0
github.com/sqwdvrt/siteParserForFreelans/backend/internal/adapter/kwork/extractor.go:40.3,41.17 2 1
github.com/sqwdvrt/siteParserForFreelans/backend/internal/adapter/kwork/extractor.go:41.17,43.4 1 0
github.com/sqwdvrt/siteParserForFreelans/backend/internal/adapter/kwork/extractor.go:44.3,44.16 1 1
github.com/sqwdvrt/siteParserForFreelans/backend/internal/adapter/kwork/extractor.go:44.16,46.4 1 0
github.com/sqwdvrt/siteParserForFreelans/backend/internal/adapter/kwork/extractor.go:47.3,48.27 2 1
github.com/sqwdvrt/siteParserForFreelans/backend/internal/adapter/kwork/extractor.go:50.2,50.18 1 1
github.com/sqwdvrt/siteParserForFreelans/backend/internal/adapter/kwork/extractor.go:55.85,56.20 1 1
github.com/sqwdvrt/siteParserForFreelans/backend/internal/adapter/kwork/extractor.go:56.20,58.3 1 1
github.com/sqwdvrt/siteParserForFreelans/backend/internal/adapter/kwork/extractor.go:59.2,60.16 2 1
github.com/sqwdvrt/siteParserForFreelans/backend/internal/adapter/kwork/extractor.go:60.16,62.3 1 0
github.com/sqwdvrt/siteParserForFreelans/backend/internal/adapter/kwork/extractor.go:63.2,70.88 2 1
github.com/sqwdvrt/siteParserForFreelans/backend/internal/adapter/kwork/extractor.go:70.88,72.3 1 1
github.com/sqwdvrt/siteParserForFreelans/backend/internal/adapter/kwork/extractor.go:72.8,74.3 1 0
github.com/sqwdvrt/siteParserForFreelans/backend/internal/adapter/kwork/extractor.go:75.2,76.91 2 1
github.com/sqwdvrt/siteParserForFreelans/backend/internal/adapter/kwork/extractor.go:76.91,78.3 1 1
github.com/sqwdvrt/siteParserForFreelans/backend/internal/adapter/kwork/extractor.go:79.2,80.22 2 1
github.com/sqwdvrt/siteParserForFreelans/backend/internal/adapter/kwork/extractor.go:80.22,81.52 1 1
github.com/sqwdvrt/siteParserForFreelans/backend/internal/adapter/kwork/extractor.go:81.52,82.42 1 1
github.com/sqwdvrt/siteParserForFreelans/backend/internal/adapter/kwork/extractor.go:82.42,84.5 1 1
github.com/sqwdvrt/siteParserForFreelans/backend/internal/adapter/kwork/extractor.go:87.2,87.93 1 1
github.com/sqwdvrt/siteParserForFreelans/backend/internal/adapter/kwork/extractor.go:87.93,88.45 1 1
github.com/sqwdvrt/siteParserForFreelans/backend/internal/adapter/kwork/extractor.go:88.45,90.4 1 1
github.com/sqwdvrt/siteParserForFreelans/backend/internal/adapter/kwork/extractor.go:92.2,92.17 1 1
github.com/sqwdvrt/siteParserForFreelans/backend/internal/adapter/kwork/extractor.go:95.46,96.79 1 1
github.com/sqwdvrt/siteParserForFreelans/backend/internal/adapter/kwork/extractor.go:96.79,98.3 1 1
github.com/sqwdvrt/siteParserForFreelans/backend/internal/adapter/kwork/extractor.go:99.2,100.16 2 1
github.com/sqwdvrt/siteParserForFreelans/backend/internal/adapter/kwork/extractor.go:100.16,102.3 1 0
github.com/sqwdvrt/siteParserForFreelans/backend/internal/adapter/kwork/extractor.go:103.2,104.16 2 1
github.com/sqwdvrt/siteParserForFreelans/backend/internal/adapter/kwork/extractor.go:104.16,106.3 1 0
github.com/sqwdvrt/siteParserForFreelans/backend/internal/adapter/kwork/extractor.go:107.2,107.49 1 1
github.com/sqwdvrt/siteParserForFreelans/backend/internal/adapter/kwork/extractor.go:112.41,114.16 2 1
github.com/sqwdvrt/siteParserForFreelans/backend/internal/adapter/kwork/extractor.go:114.16,116.3 1 1
github.com/sqwdvrt/siteParserForFreelans/backend/internal/adapter/kwork/extractor.go:117.2,117.11 1 0
github.com/sqwdvrt/siteParserForFreelans/backend/internal/adapter/kwork/extractor.go:126.41,129.37 3 1
github.com/sqwdvrt/siteParserForFreelans/backend/internal/adapter/kwork/extractor.go:129.37,131.17 2 1
github.com/sqwdvrt/siteParserForFreelans/backend/internal/adapter/kwork/extractor.go:131.17,133.4 1 1
github.com/sqwdvrt/siteParserForFreelans/backend/internal/adapter/kwork/extractor.go:135.2,135.12 1 0
github.com/sqwdvrt/siteParserForFreelans/backend/internal/adapter/postgres/repository.go:16.58,18.2 1 0
github.com/sqwdvrt/siteParserForFreelans/backend/internal/adapter/postgres/repository.go:21.83,39.16 3 0
github.com/sqwdvrt/siteParserForFreelans/backend/internal/adapter/postgres/repository.go:39.16,41.3 1 0
github.com/sqwdvrt/siteParserForFreelans/backend/internal/adapter/postgres/repository.go:42.2,42.16 1 0
github.com/sqwdvrt/siteParserForFreelans/backend/internal/adapter/postgres/repository.go:46.84,50.2 3 0
github.com/sqwdvrt/siteParserForFreelans/backend/internal/adapter/postgres/repository.go:52.36,53.13 1 0
github.com/sqwdvrt/siteParserForFreelans/backend/internal/adapter/postgres/repository.go:53.13,55.3 1 0
github.com/sqwdvrt/siteParserForFreelans/backend/internal/adapter/postgres/repository.go:56.2,56.11 1 0
github.com/sqwdvrt/siteParserForFreelans/backend/internal/adapter/postgres/user_repository.go:16.60,18.2 1 0
github.com/sqwdvrt/siteParserForFreelans/backend/internal/adapter/postgres/user_repository.go:21.85,30.2 3 0
github.com/sqwdvrt/siteParserForFreelans/backend/internal/adapter/postgres/user_repository.go:33.103,38.16 3 0
github.com/sqwdvrt/siteParserForFreelans/backend/internal/adapter/postgres/user_repository.go:38.16,40.3 1 0
github.com/sqwdvrt/siteParserForFreelans/backend/internal/adapter/postgres/user_repository.go:41.2,41.16 1 0
github.com/sqwdvrt/siteParserForFreelans/backend/internal/adapter/postgres/user_repository.go:45.101,50.2 2 0
github.com/sqwdvrt/siteParserForFreelans/backend/internal/api/handlers.go:26.70,28.61 2 1
github.com/sqwdvrt/siteParserForFreelans/backend/internal/api/handlers.go:28.61,31.3 2 1
github.com/sqwdvrt/siteParserForFreelans/backend/internal/api/handlers.go:32.2,32.25 1 1
github.com/sqwdvrt/siteParserForFreelans/backend/internal/api/handlers.go:32.25,35.3 2 1
github.com/sqwdvrt/siteParserForFreelans/backend/internal/api/handlers.go:36.2,37.16 2 1
github.com/sqwdvrt/siteParserForFreelans/backend/internal/api/handlers.go:37.16,40.3 2 1
github.com/sqwdvrt/siteParserForFreelans/backend/internal/api/handlers.go:41.2,42.62 2 1
github.com/sqwdvrt/siteParserForFreelans/backend/internal/usecase/crawl_projects.go:19.132,26.2 1 1
github.com/sqwdvrt/siteParserForFreelans/backend/internal/usecase/crawl_projects.go:31.93,33.16 2 1
github.com/sqwdvrt/siteParserForFreelans/backend/internal/usecase/crawl_projects.go:33.16,35.3 1 1
github.com/sqwdvrt/siteParserForFreelans/backend/internal/usecase/crawl_projects.go:36.2,37.16 2 1
github.com/sqwdvrt/siteParserForFreelans/backend/internal/usecase/crawl_projects.go:37.16,39.3 1 1
github.com/sqwdvrt/siteParserForFreelans/backend/internal/usecase/crawl_projects.go:40.2,41.33 2 1
github.com/sqwdvrt/siteParserForFreelans/backend/internal/usecase/crawl_projects.go:41.33,43.17 2 1
github.com/sqwdvrt/siteParserForFreelans/backend/internal/usecase/crawl_projects.go:43.17,45.12 2 0
github.com/sqwdvrt/siteParserForFreelans/backend/internal/usecase/crawl_projects.go:47.3,47.13 1 1
github.com/sqwdvrt/siteParserForFreelans/backend/internal/usecase/crawl_projects.go:47.13,48.12 1 1
github.com/sqwdvrt/siteParserForFreelans/backend/internal/usecase/crawl_projects.go:50.3,51.17 2 1
github.com/sqwdvrt/siteParserForFreelans/backend/internal/usecase/crawl_projects.go:51.17,53.12 2 0
github.com/sqwdvrt/siteParserForFreelans/backend/internal/usecase/crawl_projects.go:55.3,56.31 2 1
github.com/sqwdvrt/siteParserForFreelans/backend/internal/usecase/crawl_projects.go:56.31,58.12 2 0
github.com/sqwdvrt/siteParserForFreelans/backend/internal/usecase/crawl_projects.go:60.3,61.17 2 1
github.com/sqwdvrt/siteParserForFreelans/backend/internal/usecase/crawl_projects.go:61.17,63.12 2 0
github.com/sqwdvrt/siteParserForFreelans/backend/internal/usecase/crawl_projects.go:65.3,65.31 1 1
github.com/sqwdvrt/siteParserForFreelans/backend/internal/usecase/crawl_projects.go:65.31,66.51 1 1
github.com/sqwdvrt/siteParserForFreelans/backend/internal/usecase/crawl_projects.go:66.51,68.5 1 0
github.com/sqwdvrt/siteParserForFreelans/backend/internal/usecase/crawl_projects.go:70.3,71.80 2 1
github.com/sqwdvrt/siteParserForFreelans/backend/internal/usecase/crawl_projects.go:73.2,74.19 2 1
github.com/sqwdvrt/siteParserForFreelans/backend/cmd/crawler/main.go:24.13,28.17 3 0
github.com/sqwdvrt/siteParserForFreelans/backend/cmd/crawler/main.go:28.17,31.3 2 0
github.com/sqwdvrt/siteParserForFreelans/backend/cmd/crawler/main.go:32.2,33.20 2 0
github.com/sqwdvrt/siteParserForFreelans/backend/cmd/crawler/main.go:33.20,35.3 1 0
github.com/sqwdvrt/siteParserForFreelans/backend/cmd/crawler/main.go:37.2,38.18 2 0
github.com/sqwdvrt/siteParserForFreelans/backend/cmd/crawler/main.go:38.18,40.3 1 0
github.com/sqwdvrt/siteParserForFreelans/backend/cmd/crawler/main.go:41.2,44.19 3 0
github.com/sqwdvrt/siteParserForFreelans/backend/cmd/crawler/main.go:44.19,46.17 2 0
github.com/sqwdvrt/siteParserForFreelans/backend/cmd/crawler/main.go:46.17,48.4 1 0
github.com/sqwdvrt/siteParserForFreelans/backend/cmd/crawler/main.go:49.3,49.31 1 0
github.com/sqwdvrt/siteParserForFreelans/backend/cmd/crawler/main.go:52.2,53.20 2 0
github.com/sqwdvrt/siteParserForFreelans/backend/cmd/crawler/main.go:53.20,55.3 1 0
github.com/sqwdvrt/siteParserForFreelans/backend/cmd/crawler/main.go:57.2,59.16 3 0
github.com/sqwdvrt/siteParserForFreelans/backend/cmd/crawler/main.go:59.16,62.3 2 0
github.com/sqwdvrt/siteParserForFreelans/backend/cmd/crawler/main.go:63.2,66.16 3 0
github.com/sqwdvrt/siteParserForFreelans/backend/cmd/crawler/main.go:66.16,69.3 2 0
github.com/sqwdvrt/siteParserForFreelans/backend/cmd/crawler/main.go:70.2,72.44 3 0
github.com/sqwdvrt/siteParserForFreelans/backend/cmd/crawler/main.go:72.44,75.3 2 0
github.com/sqwdvrt/siteParserForFreelans/backend/cmd/crawler/main.go:77.2,78.21 2 0
github.com/sqwdvrt/siteParserForFreelans/backend/cmd/crawler/main.go:78.21,80.3 1 0
github.com/sqwdvrt/siteParserForFreelans/backend/cmd/crawler/main.go:81.2,91.21 6 0
github.com/sqwdvrt/siteParserForFreelans/backend/cmd/crawler/main.go:91.21,94.17 3 0
github.com/sqwdvrt/siteParserForFreelans/backend/cmd/crawler/main.go:94.17,97.4 2 0
github.com/sqwdvrt/siteParserForFreelans/backend/cmd/crawler/main.go:98.3,98.46 1 0
github.com/sqwdvrt/siteParserForFreelans/backend/cmd/crawler/main.go:101.2,103.16 3 0
github.com/sqwdvrt/siteParserForFreelans/backend/cmd/crawler/main.go:103.16,106.3 2 0
github.com/sqwdvrt/siteParserForFreelans/backend/cmd/crawler/main.go:107.2,120.32 11 0
